V3 3
FL /home/student2/sasingh/COE758/Lab2/Game/Game.vhd 2013/11/27.16:31:29 O.76xd
EN work/Game 1385587892 FL /home/student2/sasingh/COE758/Lab2/Game/Game.vhd \
      PB ieee/std_logic_1164 1317710503 PB ieee/std_logic_arith 1317710504 \
      PB ieee/STD_LOGIC_UNSIGNED 1317710506 PB ieee/NUMERIC_STD 1317710508
AR work/Game/Behavioral 1385587893 \
      FL /home/student2/sasingh/COE758/Lab2/Game/Game.vhd EN work/Game 1385587892
